<?xml version="1.0" encoding="utf-8"?><testsuites><testsuite name="pytest" errors="0" failures="0" skipped="0" tests="1" time="0.116" timestamp="2025-11-10T07:24:29.074771" hostname="Harish"><testcase classname="tests.test_app" name="test_home_page" time="0.005" /></testsuite></testsuites>